problem with 
